<?php return array (
  0 => 'Symfony\\Bundle\\FrameworkBundle\\Controller\\AbstractController',
  1 => 'App\\Controller\\AProposController',
  2 => 'App\\Controller\\AdminController',
  3 => 'App\\Controller\\Admin\\BlogpostCrudController',
  4 => 'App\\Controller\\Admin\\CategorieCrudController',
  5 => 'App\\Controller\\Admin\\ChatCrudController',
  6 => 'App\\Controller\\Admin\\CommentaireCrudController',
  7 => 'App\\Controller\\Admin\\DashboardController',
  8 => 'App\\Controller\\Admin\\DisparuCrudController',
  9 => 'App\\Controller\\Admin\\LibreCrudController',
  10 => 'App\\Controller\\Admin\\UserCrudController',
  11 => 'App\\Controller\\Admin\\UtilisateurCrudController',
  12 => 'App\\Controller\\BlogpostController',
  13 => 'App\\Controller\\ChatController',
  14 => 'App\\Controller\\CompteController',
  15 => 'App\\Controller\\ContactController',
  16 => 'App\\Controller\\DisparuController',
  17 => 'App\\Controller\\FaController',
  18 => 'App\\Controller\\HomeController',
  19 => 'App\\Controller\\LibreController',
  20 => 'App\\Controller\\MentionController',
  21 => 'App\\Controller\\ParrainController',
  22 => 'App\\Controller\\PartenaireController',
  23 => 'App\\Controller\\PortfolioController',
  24 => 'App\\Controller\\RegisterController',
  25 => 'App\\Controller\\SecurityController',
  26 => 'App\\Entity\\Blogpost',
  27 => 'App\\Entity\\Categorie',
  28 => 'App\\Entity\\Chat',
  29 => 'App\\Entity\\Commentaire',
  30 => 'App\\Entity\\Contact',
  31 => 'App\\Entity\\Disparu',
  32 => 'App\\Entity\\Libre',
  33 => 'App\\Entity\\User',
  34 => 'App\\Entity\\Utilisateur',
  35 => 'Doctrine\\Bundle\\DoctrineBundle\\Controller\\ProfilerController',
  36 => 'Doctrine\\ORM\\Cache\\Persister\\Entity\\AbstractEntityPersister',
  37 => 'Doctrine\\ORM\\Cache\\Persister\\Entity\\CachedEntityPersister',
  38 => 'Doctrine\\ORM\\Cache\\Persister\\Entity\\NonStrictReadWriteCachedEntityPersister',
  39 => 'Doctrine\\ORM\\Cache\\Persister\\Entity\\ReadOnlyCachedEntityPersister',
  40 => 'Doctrine\\ORM\\Cache\\Persister\\Entity\\ReadWriteCachedEntityPersister',
  41 => 'Doctrine\\ORM\\Persisters\\Entity\\AbstractEntityInheritancePersister',
  42 => 'Doctrine\\ORM\\Persisters\\Entity\\BasicEntityPersister',
  43 => 'Doctrine\\ORM\\Persisters\\Entity\\CachedPersisterContext',
  44 => 'Doctrine\\ORM\\Persisters\\Entity\\EntityPersister',
  45 => 'Doctrine\\ORM\\Persisters\\Entity\\JoinedSubclassPersister',
  46 => 'Doctrine\\ORM\\Persisters\\Entity\\SingleTablePersister',
  47 => 'EasyCorp\\Bundle\\EasyAdminBundle\\Contracts\\Controller\\CrudControllerInterface',
  48 => 'EasyCorp\\Bundle\\EasyAdminBundle\\Contracts\\Controller\\DashboardControllerInterface',
  49 => 'EasyCorp\\Bundle\\EasyAdminBundle\\Controller\\AbstractCrudController',
  50 => 'EasyCorp\\Bundle\\EasyAdminBundle\\Controller\\AbstractDashboardController',
  51 => 'EasyCorp\\Bundle\\EasyAdminBundle\\Controller\\EasyAdminController',
  53 => 'Symfony\\Bundle\\FrameworkBundle\\Controller\\ControllerResolver',
  54 => 'Symfony\\Bundle\\FrameworkBundle\\Controller\\RedirectController',
  55 => 'Symfony\\Bundle\\FrameworkBundle\\Controller\\TemplateController',
  56 => 'Symfony\\Bundle\\WebProfilerBundle\\Controller\\ExceptionPanelController',
  57 => 'Symfony\\Bundle\\WebProfilerBundle\\Controller\\ProfilerController',
  58 => 'Symfony\\Bundle\\WebProfilerBundle\\Controller\\RouterController',
  59 => 'Symfony\\Component\\HttpKernel\\Controller\\ArgumentResolver',
  60 => 'Symfony\\Component\\HttpKernel\\Controller\\ArgumentResolverInterface',
  61 => 'Symfony\\Component\\HttpKernel\\Controller\\ArgumentResolver\\DefaultValueResolver',
  62 => 'Symfony\\Component\\HttpKernel\\Controller\\ArgumentResolver\\NotTaggedControllerValueResolver',
  63 => 'Symfony\\Component\\HttpKernel\\Controller\\ArgumentResolver\\RequestAttributeValueResolver',
  64 => 'Symfony\\Component\\HttpKernel\\Controller\\ArgumentResolver\\RequestValueResolver',
  65 => 'Symfony\\Component\\HttpKernel\\Controller\\ArgumentResolver\\ServiceValueResolver',
  66 => 'Symfony\\Component\\HttpKernel\\Controller\\ArgumentResolver\\SessionValueResolver',
  67 => 'Symfony\\Component\\HttpKernel\\Controller\\ArgumentResolver\\TraceableValueResolver',
  68 => 'Symfony\\Component\\HttpKernel\\Controller\\ArgumentResolver\\VariadicValueResolver',
  69 => 'Symfony\\Component\\HttpKernel\\Controller\\ArgumentValueResolverInterface',
  70 => 'Symfony\\Component\\HttpKernel\\Controller\\ContainerControllerResolver',
  71 => 'Symfony\\Component\\HttpKernel\\Controller\\ControllerReference',
  72 => 'Symfony\\Component\\HttpKernel\\Controller\\ControllerResolver',
  73 => 'Symfony\\Component\\HttpKernel\\Controller\\ControllerResolverInterface',
  74 => 'Symfony\\Component\\HttpKernel\\Controller\\ErrorController',
  75 => 'Symfony\\Component\\HttpKernel\\Controller\\TraceableArgumentResolver',
  76 => 'Symfony\\Component\\HttpKernel\\Controller\\TraceableControllerResolver',
  77 => 'Symfony\\Component\\Security\\Http\\Controller\\UserValueResolver',
);